 512 ----- 016e
 514 ----- 0eac
 516 ----- 0aea
 518 ----- 0cea
 520 ----- 0aae
 522 ----- 0ea0
 524 ----- 0ae0
 526 ----- 0c40
 528 ----- 04e0
 530 ----- 0e20
 532 ----- 0ce0
 534 ----- 0e60
 536 ----- 02e0
 538 ----- 0ae0
 540 ----- 0220
 542 ----- 0640
 544 ----- 0240
 546 ----- 0e80
 548 ----- 0ee0
 550 ----- 0e20
 552 ----- 0220
 554 ----- 0ee0
 556 ----- 0ae0
 558 ----- 0ee0
 560 ----- 02e0
 562 ----- 04a0
 564 ----- 0ea0
 566 ----- 0ec0
 568 ----- 08e0
 570 ----- 0e80
 572 ----- 0c80
 574 ----- 0a40
 576 ----- 0aa0
 578 ----- 0a22
 580 ----- 0db4
 582 ----- 00ee
 584 ----- 0a22
 586 ----- 0db4
 588 ----- 01fc
 590 ----- 0681
 592 ----- 0695
 594 ----- 06aa
 596 ----- 06b1
 598 ----- 067a
 600 ----- 066b
 602 ----- 0a36
 604 ----- 0db4
 606 ----- 0a3e
 608 ----- 0db4
 610 ----- 0a22
 612 ----- 036b
 614 ----- 0a26
 616 ----- 0db4
 618 ----- 06b6
 620 ----- 0a3a
 622 ----- 0db4
 624 ----- 0a3e
 626 ----- 0db4
 628 ----- 0a26
 630 ----- 047a
 632 ----- 0a22
 634 ----- 0db4
 636 ----- 06bb
 638 ----- 0a3e
 640 ----- 0db4
 642 ----- 0a3e
 644 ----- 0db4
 646 ----- 0a26
 648 ----- 0570
 650 ----- 0a22
 652 ----- 0db4
 654 ----- 06b0
 656 ----- 0a26
 658 ----- 0db4
 660 ----- 0a3e
 662 ----- 0db4
 664 ----- 0a26
 666 ----- 07ff
 668 ----- 046a
 670 ----- 0a22
 672 ----- 0db4
 674 ----- 06b5
 676 ----- 0a2e
 678 ----- 0db4
 680 ----- 0a3e
 682 ----- 0db4
 684 ----- 0a26
 686 ----- 0970
 688 ----- 0a22
 690 ----- 0db4
 692 ----- 06ba
 694 ----- 0a32
 696 ----- 0db4
 698 ----- 0a3e
 700 ----- 0db4
 702 ----- 0262
 704 ----- 0697
 706 ----- 069b
 708 ----- 06a0
 710 ----- 06b1
 712 ----- 0a2a
 714 ----- 0db4
 716 ----- 0a36
 718 ----- 0db4
 720 ----- 0a22
 722 ----- 0db4
 724 ----- 06b6
 726 ----- 0a2a
 728 ----- 0db4
 730 ----- 0a2a
 732 ----- 0db4
 734 ----- 0a26
 736 ----- 0870
 738 ----- 047a
 740 ----- 0a22
 742 ----- 0db4
 744 ----- 06bb
 746 ----- 0a2a
 748 ----- 0db4
 750 ----- 0a2e
 752 ----- 0db4
 754 ----- 0a26
 756 ----- 067a
 758 ----- 08f1
 760 ----- 047b
 762 ----- 0a22
 764 ----- 0db4
 766 ----- 06b0
 768 ----- 0a2a
 770 ----- 0db4
 772 ----- 0a32
 774 ----- 0db4
 776 ----- 0a26
 778 ----- 0678
 780 ----- 067f
 782 ----- 0872
 784 ----- 0478
 786 ----- 0a22
 788 ----- 0db4
 790 ----- 06b5
 792 ----- 0a2a
 794 ----- 0db4
 796 ----- 0a36
 798 ----- 0db4
 800 ----- 0a26
 802 ----- 0678
 804 ----- 067f
 806 ----- 0873
 808 ----- 0477
 810 ----- 0a22
 812 ----- 0db4
 814 ----- 06ba
 816 ----- 0a2a
 818 ----- 0db4
 820 ----- 0a3a
 822 ----- 0db4
 824 ----- 0a26
 826 ----- 06ec
 828 ----- 06fc
 830 ----- 0874
 832 ----- 0478
 834 ----- 0a22
 836 ----- 0db4
 838 ----- 06ac
 840 ----- 06b0
 842 ----- 06b4
 844 ----- 06b1
 846 ----- 0a2a
 848 ----- 0db4
 850 ----- 0a3e
 852 ----- 0db4
 854 ----- 0a26
 856 ----- 06ec
 858 ----- 0678
 860 ----- 0875
 862 ----- 04fc
 864 ----- 0a22
 866 ----- 0db4
 868 ----- 06b6
 870 ----- 0a2a
 872 ----- 0db4
 874 ----- 0a22
 876 ----- 0db4
 878 ----- 0a26
 880 ----- 06e0
 882 ----- 086e
 884 ----- 04e0
 886 ----- 0a22
 888 ----- 0db4
 890 ----- 06bb
 892 ----- 0a2a
 894 ----- 0db4
 896 ----- 0a36
 898 ----- 0db4
 900 ----- 0a26
 902 ----- 066f
 904 ----- 0866
 906 ----- 0467
 908 ----- 0a22
 910 ----- 0db4
 912 ----- 06b0
 914 ----- 0a3a
 916 ----- 0db4
 918 ----- 0a3e
 920 ----- 0db4
 922 ----- 0af8
 924 ----- 0600
 926 ----- 0630
 928 ----- 0f55
 930 ----- 0af9
 932 ----- 0f65
 934 ----- 0a26
 936 ----- 0430
 938 ----- 0a22
 940 ----- 0db4
 942 ----- 06b5
 944 ----- 0a3a
 946 ----- 0db4
 948 ----- 0a36
 950 ----- 0db4
 952 ----- 0af8
 954 ----- 06e9
 956 ----- 0f73
 958 ----- 0f65
 960 ----- 0a22
 962 ----- 0301
 964 ----- 0a26
 966 ----- 0313
 968 ----- 0a26
 970 ----- 0327
 972 ----- 0a26
 974 ----- 0db4
 976 ----- 06ba
 978 ----- 0a2e
 980 ----- 0db4
 982 ----- 0a3e
 984 ----- 0db4
 986 ----- 0168
 988 ----- 01fc
 990 ----- 0000
 992 ----- 0000
 994 ----- 0000
 996 ----- 0000
 998 ----- 0000
 1000 ----- 0000
 1002 ----- 0000
 1004 ----- 0000
 1006 ----- 0000
 1008 ----- 0000
 1010 ----- 0000
 1012 ----- 0000
 1014 ----- 0000
 1016 ----- 0000
 1018 ----- 0000
 1020 ----- 0000
 1022 ----- 0000
 1024 ----- 0000
 1026 ----- 0000
 1028 ----- 0000
 1030 ----- 0000
 1032 ----- 0000
 1034 ----- 0000
 1036 ----- 0000
 1038 ----- 0000
 1040 ----- 0000
 1042 ----- 0000
 1044 ----- 0000
 1046 ----- 0000
 1048 ----- 0000
 1050 ----- 0000
 1052 ----- 0000
 1054 ----- 0000
 1056 ----- 0000
 1058 ----- 0000
 1060 ----- 0000
 1062 ----- 0000
 1064 ----- 0000
 1066 ----- 0000
 1068 ----- 0000
 1070 ----- 0000
 1072 ----- 0000
 1074 ----- 0000
 1076 ----- 0000
 1078 ----- 0000
 1080 ----- 0000
 1082 ----- 0000
 1084 ----- 0000
 1086 ----- 0000
 1088 ----- 0000
 1090 ----- 0000
 1092 ----- 0000
 1094 ----- 0000
 1096 ----- 0000
 1098 ----- 0000
 1100 ----- 0000
 1102 ----- 0000
 1104 ----- 0000
 1106 ----- 0000
 1108 ----- 0000
 1110 ----- 0000
 1112 ----- 0000
 1114 ----- 0000
 1116 ----- 0000
 1118 ----- 0000
 1120 ----- 0000
 1122 ----- 0000
 1124 ----- 0000
 1126 ----- 0000
 1128 ----- 0000
 1130 ----- 0000
 1132 ----- 0000
 1134 ----- 0000
 1136 ----- 0000
 1138 ----- 0000
 1140 ----- 0000
 1142 ----- 0000
 1144 ----- 0000
 1146 ----- 0000
 1148 ----- 0000
 1150 ----- 0000
 1152 ----- 0000
 1154 ----- 0000
 1156 ----- 0000
 1158 ----- 0000
 1160 ----- 0000
 1162 ----- 0000
 1164 ----- 0000
 1166 ----- 0000
 1168 ----- 0000
 1170 ----- 0000
 1172 ----- 0000
 1174 ----- 0000
 1176 ----- 0000
 1178 ----- 0000
 1180 ----- 0000
 1182 ----- 0000
 1184 ----- 0000
 1186 ----- 0000
 1188 ----- 0000
 1190 ----- 0000
 1192 ----- 0000
 1194 ----- 0000
 1196 ----- 0000
 1198 ----- 0000
 1200 ----- 0000
 1202 ----- 0000
 1204 ----- 0000
 1206 ----- 0000
 1208 ----- 0000
 1210 ----- 0000
 1212 ----- 0000
 1214 ----- 0000
 1216 ----- 0000
 1218 ----- 0000
 1220 ----- 0000
 1222 ----- 0000
 1224 ----- 0000
 1226 ----- 0000
 1228 ----- 0000
 1230 ----- 0000
 1232 ----- 0000
 1234 ----- 0000
 1236 ----- 0000
 1238 ----- 0000
 1240 ----- 0000
 1242 ----- 0000
 1244 ----- 0000
 1246 ----- 0000
 1248 ----- 0000
 1250 ----- 0000
 1252 ----- 0000
 1254 ----- 0000
 1256 ----- 0000
 1258 ----- 0000
 1260 ----- 0000
 1262 ----- 0000
 1264 ----- 0000
 1266 ----- 0000
 1268 ----- 0000
 1270 ----- 0000
 1272 ----- 0000
 1274 ----- 0000
 1276 ----- 0000
 1278 ----- 0000
 1280 ----- 0000
 1282 ----- 0000
 1284 ----- 0000
 1286 ----- 0000
 1288 ----- 0000
 1290 ----- 0000
 1292 ----- 0000
 1294 ----- 0000
 1296 ----- 0000
 1298 ----- 0000
 1300 ----- 0000
 1302 ----- 0000
 1304 ----- 0000
 1306 ----- 0000
 1308 ----- 0000
 1310 ----- 0000
 1312 ----- 0000
 1314 ----- 0000
 1316 ----- 0000
 1318 ----- 0000
 1320 ----- 0000
 1322 ----- 0000
 1324 ----- 0000
 1326 ----- 0000
 1328 ----- 0000
 1330 ----- 0000
 1332 ----- 0000
 1334 ----- 0000
 1336 ----- 0000
 1338 ----- 0000
 1340 ----- 0000
 1342 ----- 0000
 1344 ----- 0000
 1346 ----- 0000
 1348 ----- 0000
 1350 ----- 0000
 1352 ----- 0000
 1354 ----- 0000
 1356 ----- 0000
 1358 ----- 0000
 1360 ----- 0000
 1362 ----- 0000
 1364 ----- 0000
 1366 ----- 0000
 1368 ----- 0000
 1370 ----- 0000
 1372 ----- 0000
 1374 ----- 0000
 1376 ----- 0000
 1378 ----- 0000
 1380 ----- 0000
 1382 ----- 0000
 1384 ----- 0000
 1386 ----- 0000
 1388 ----- 0000
 1390 ----- 0000
 1392 ----- 0000
 1394 ----- 0000
 1396 ----- 0000
 1398 ----- 0000
 1400 ----- 0000
 1402 ----- 0000
 1404 ----- 0000
 1406 ----- 0000
 1408 ----- 0000
 1410 ----- 0000
 1412 ----- 0000
 1414 ----- 0000
 1416 ----- 0000
 1418 ----- 0000
 1420 ----- 0000
 1422 ----- 0000
 1424 ----- 0000
 1426 ----- 0000
 1428 ----- 0000
 1430 ----- 0000
 1432 ----- 0000
 1434 ----- 0000
 1436 ----- 0000
 1438 ----- 0000
 1440 ----- 0000
 1442 ----- 0000
 1444 ----- 0000
 1446 ----- 0000
 1448 ----- 0000
 1450 ----- 0000
 1452 ----- 0000
 1454 ----- 0000
 1456 ----- 0000
 1458 ----- 0000
 1460 ----- 0000
 1462 ----- 0000
 1464 ----- 0000
 1466 ----- 0000
 1468 ----- 0000
 1470 ----- 0000
 1472 ----- 0000
 1474 ----- 0000
 1476 ----- 0000
 1478 ----- 0000
 1480 ----- 0000
 1482 ----- 0000
 1484 ----- 0000
 1486 ----- 0000
 1488 ----- 0000
 1490 ----- 0000
 1492 ----- 0000
 1494 ----- 0000
 1496 ----- 0000
 1498 ----- 0000
 1500 ----- 0000
 1502 ----- 0000
 1504 ----- 0000
 1506 ----- 0000
 1508 ----- 0000
 1510 ----- 0000
 1512 ----- 0000
 1514 ----- 0000
 1516 ----- 0000
 1518 ----- 0000
 1520 ----- 0000
 1522 ----- 0000
 1524 ----- 0000
 1526 ----- 0000
 1528 ----- 0000
 1530 ----- 0000
 1532 ----- 0000
 1534 ----- 0000
 1536 ----- 0000
 1538 ----- 0000
 1540 ----- 0000
 1542 ----- 0000
 1544 ----- 0000
 1546 ----- 0000
 1548 ----- 0000
 1550 ----- 0000
 1552 ----- 0000
 1554 ----- 0000
 1556 ----- 0000
 1558 ----- 0000
 1560 ----- 0000
 1562 ----- 0000
 1564 ----- 0000
 1566 ----- 0000
 1568 ----- 0000
 1570 ----- 0000
 1572 ----- 0000
 1574 ----- 0000
 1576 ----- 0000
 1578 ----- 0000
 1580 ----- 0000
 1582 ----- 0000
 1584 ----- 0000
 1586 ----- 0000
 1588 ----- 0000
 1590 ----- 0000
 1592 ----- 0000
 1594 ----- 0000
 1596 ----- 0000
 1598 ----- 0000
 1600 ----- 0000
 1602 ----- 0000
 1604 ----- 0000
 1606 ----- 0000
 1608 ----- 0000
 1610 ----- 0000
 1612 ----- 0000
 1614 ----- 0000
 1616 ----- 0000
 1618 ----- 0000
 1620 ----- 0000
 1622 ----- 0000
 1624 ----- 0000
 1626 ----- 0000
 1628 ----- 0000
 1630 ----- 0000
 1632 ----- 0000
 1634 ----- 0000
 1636 ----- 0000
 1638 ----- 0000
 1640 ----- 0000
 1642 ----- 0000
 1644 ----- 0000
 1646 ----- 0000
 1648 ----- 0000
 1650 ----- 0000
 1652 ----- 0000
 1654 ----- 0000
 1656 ----- 0000
 1658 ----- 0000
 1660 ----- 0000
 1662 ----- 0000
 1664 ----- 0000
 1666 ----- 0000
 1668 ----- 0000
 1670 ----- 0000
 1672 ----- 0000
 1674 ----- 0000
 1676 ----- 0000
 1678 ----- 0000
 1680 ----- 0000
 1682 ----- 0000
 1684 ----- 0000
 1686 ----- 0000
 1688 ----- 0000
 1690 ----- 0000
 1692 ----- 0000
 1694 ----- 0000
 1696 ----- 0000
 1698 ----- 0000
 1700 ----- 0000
 1702 ----- 0000
 1704 ----- 0000
 1706 ----- 0000
 1708 ----- 0000
 1710 ----- 0000
 1712 ----- 0000
 1714 ----- 0000
 1716 ----- 0000
 1718 ----- 0000
 1720 ----- 0000
 1722 ----- 0000
 1724 ----- 0000
 1726 ----- 0000
 1728 ----- 0000
 1730 ----- 0000
 1732 ----- 0000
 1734 ----- 0000
 1736 ----- 0000
 1738 ----- 0000
 1740 ----- 0000
 1742 ----- 0000
 1744 ----- 0000
 1746 ----- 0000
 1748 ----- 0000
 1750 ----- 0000
 1752 ----- 0000
 1754 ----- 0000
 1756 ----- 0000
 1758 ----- 0000
 1760 ----- 0000
 1762 ----- 0000
 1764 ----- 0000
 1766 ----- 0000
 1768 ----- 0000
 1770 ----- 0000
 1772 ----- 0000
 1774 ----- 0000
 1776 ----- 0000
 1778 ----- 0000
 1780 ----- 0000
 1782 ----- 0000
 1784 ----- 0000
 1786 ----- 0000
 1788 ----- 0000
 1790 ----- 0000
 1792 ----- 0000
 1794 ----- 0000
 1796 ----- 0000
 1798 ----- 0000
 1800 ----- 0000
 1802 ----- 0000
 1804 ----- 0000
 1806 ----- 0000
 1808 ----- 0000
 1810 ----- 0000
 1812 ----- 0000
 1814 ----- 0000
 1816 ----- 0000
 1818 ----- 0000
 1820 ----- 0000
 1822 ----- 0000
 1824 ----- 0000
 1826 ----- 0000
 1828 ----- 0000
 1830 ----- 0000
 1832 ----- 0000
 1834 ----- 0000
 1836 ----- 0000
 1838 ----- 0000
 1840 ----- 0000
 1842 ----- 0000
 1844 ----- 0000
 1846 ----- 0000
 1848 ----- 0000
 1850 ----- 0000
 1852 ----- 0000
 1854 ----- 0000
 1856 ----- 0000
 1858 ----- 0000
 1860 ----- 0000
 1862 ----- 0000
 1864 ----- 0000
 1866 ----- 0000
 1868 ----- 0000
 1870 ----- 0000
 1872 ----- 0000
 1874 ----- 0000
 1876 ----- 0000
 1878 ----- 0000
 1880 ----- 0000
 1882 ----- 0000
 1884 ----- 0000
 1886 ----- 0000
 1888 ----- 0000
 1890 ----- 0000
 1892 ----- 0000
 1894 ----- 0000
 1896 ----- 0000
 1898 ----- 0000
 1900 ----- 0000
 1902 ----- 0000
 1904 ----- 0000
 1906 ----- 0000
 1908 ----- 0000
 1910 ----- 0000
 1912 ----- 0000
 1914 ----- 0000
 1916 ----- 0000
 1918 ----- 0000
 1920 ----- 0000
 1922 ----- 0000
 1924 ----- 0000
 1926 ----- 0000
 1928 ----- 0000
 1930 ----- 0000
 1932 ----- 0000
 1934 ----- 0000
 1936 ----- 0000
 1938 ----- 0000
 1940 ----- 0000
 1942 ----- 0000
 1944 ----- 0000
 1946 ----- 0000
 1948 ----- 0000
 1950 ----- 0000
 1952 ----- 0000
 1954 ----- 0000
 1956 ----- 0000
 1958 ----- 0000
 1960 ----- 0000
 1962 ----- 0000
 1964 ----- 0000
 1966 ----- 0000
 1968 ----- 0000
 1970 ----- 0000
 1972 ----- 0000
 1974 ----- 0000
 1976 ----- 0000
 1978 ----- 0000
 1980 ----- 0000
 1982 ----- 0000
 1984 ----- 0000
 1986 ----- 0000
 1988 ----- 0000
 1990 ----- 0000
 1992 ----- 0000
 1994 ----- 0000
 1996 ----- 0000
 1998 ----- 0000
 2000 ----- 0000
 2002 ----- 0000
 2004 ----- 0000
 2006 ----- 0000
 2008 ----- 0000
 2010 ----- 0000
 2012 ----- 0000
 2014 ----- 0000
 2016 ----- 0000
 2018 ----- 0000
 2020 ----- 0000
 2022 ----- 0000
 2024 ----- 0000
 2026 ----- 0000
 2028 ----- 0000
 2030 ----- 0000
 2032 ----- 0000
 2034 ----- 0000
 2036 ----- 0000
 2038 ----- 0000
 2040 ----- 0000
 2042 ----- 0000
 2044 ----- 0000
 2046 ----- 0000
 2048 ----- 0000
 2050 ----- 0000
 2052 ----- 0000
 2054 ----- 0000
 2056 ----- 0000
 2058 ----- 0000
 2060 ----- 0000
 2062 ----- 0000
 2064 ----- 0000
 2066 ----- 0000
 2068 ----- 0000
 2070 ----- 0000
 2072 ----- 0000
 2074 ----- 0000
 2076 ----- 0000
 2078 ----- 0000
 2080 ----- 0000
 2082 ----- 0000
 2084 ----- 0000
 2086 ----- 0000
 2088 ----- 0000
 2090 ----- 0000
 2092 ----- 0000
 2094 ----- 0000
 2096 ----- 0000
 2098 ----- 0000
 2100 ----- 0000
 2102 ----- 0000
 2104 ----- 0000
 2106 ----- 0000
 2108 ----- 0000
 2110 ----- 0000
 2112 ----- 0000
 2114 ----- 0000
 2116 ----- 0000
 2118 ----- 0000
 2120 ----- 0000
 2122 ----- 0000
 2124 ----- 0000
 2126 ----- 0000
 2128 ----- 0000
 2130 ----- 0000
 2132 ----- 0000
 2134 ----- 0000
 2136 ----- 0000
 2138 ----- 0000
 2140 ----- 0000
 2142 ----- 0000
 2144 ----- 0000
 2146 ----- 0000
 2148 ----- 0000
 2150 ----- 0000
 2152 ----- 0000
 2154 ----- 0000
 2156 ----- 0000
 2158 ----- 0000
 2160 ----- 0000
 2162 ----- 0000
 2164 ----- 0000
 2166 ----- 0000
 2168 ----- 0000
 2170 ----- 0000
 2172 ----- 0000
 2174 ----- 0000
 2176 ----- 0000
 2178 ----- 0000
 2180 ----- 0000
 2182 ----- 0000
 2184 ----- 0000
 2186 ----- 0000
 2188 ----- 0000
 2190 ----- 0000
 2192 ----- 0000
 2194 ----- 0000
 2196 ----- 0000
 2198 ----- 0000
 2200 ----- 0000
 2202 ----- 0000
 2204 ----- 0000
 2206 ----- 0000
 2208 ----- 0000
 2210 ----- 0000
 2212 ----- 0000
 2214 ----- 0000
 2216 ----- 0000
 2218 ----- 0000
 2220 ----- 0000
 2222 ----- 0000
 2224 ----- 0000
 2226 ----- 0000
 2228 ----- 0000
 2230 ----- 0000
 2232 ----- 0000
 2234 ----- 0000
 2236 ----- 0000
 2238 ----- 0000
 2240 ----- 0000
 2242 ----- 0000
 2244 ----- 0000
 2246 ----- 0000
 2248 ----- 0000
 2250 ----- 0000
 2252 ----- 0000
 2254 ----- 0000
 2256 ----- 0000
 2258 ----- 0000
 2260 ----- 0000
 2262 ----- 0000
 2264 ----- 0000
 2266 ----- 0000
 2268 ----- 0000
 2270 ----- 0000
 2272 ----- 0000
 2274 ----- 0000
 2276 ----- 0000
 2278 ----- 0000
 2280 ----- 0000
 2282 ----- 0000
 2284 ----- 0000
 2286 ----- 0000
 2288 ----- 0000
 2290 ----- 0000
 2292 ----- 0000
 2294 ----- 0000
 2296 ----- 0000
 2298 ----- 0000
 2300 ----- 0000
 2302 ----- 0000
 2304 ----- 0000
 2306 ----- 0000
 2308 ----- 0000
 2310 ----- 0000
 2312 ----- 0000
 2314 ----- 0000
 2316 ----- 0000
 2318 ----- 0000
 2320 ----- 0000
 2322 ----- 0000
 2324 ----- 0000
 2326 ----- 0000
 2328 ----- 0000
 2330 ----- 0000
 2332 ----- 0000
 2334 ----- 0000
 2336 ----- 0000
 2338 ----- 0000
 2340 ----- 0000
 2342 ----- 0000
 2344 ----- 0000
 2346 ----- 0000
 2348 ----- 0000
 2350 ----- 0000
 2352 ----- 0000
 2354 ----- 0000
 2356 ----- 0000
 2358 ----- 0000
 2360 ----- 0000
 2362 ----- 0000
 2364 ----- 0000
 2366 ----- 0000
 2368 ----- 0000
 2370 ----- 0000
 2372 ----- 0000
 2374 ----- 0000
 2376 ----- 0000
 2378 ----- 0000
 2380 ----- 0000
 2382 ----- 0000
 2384 ----- 0000
 2386 ----- 0000
 2388 ----- 0000
 2390 ----- 0000
 2392 ----- 0000
 2394 ----- 0000
 2396 ----- 0000
 2398 ----- 0000
 2400 ----- 0000
 2402 ----- 0000
 2404 ----- 0000
 2406 ----- 0000
 2408 ----- 0000
 2410 ----- 0000
 2412 ----- 0000
 2414 ----- 0000
 2416 ----- 0000
 2418 ----- 0000
 2420 ----- 0000
 2422 ----- 0000
 2424 ----- 0000
 2426 ----- 0000
 2428 ----- 0000
 2430 ----- 0000
 2432 ----- 0000
 2434 ----- 0000
 2436 ----- 0000
 2438 ----- 0000
 2440 ----- 0000
 2442 ----- 0000
 2444 ----- 0000
 2446 ----- 0000
 2448 ----- 0000
 2450 ----- 0000
 2452 ----- 0000
 2454 ----- 0000
 2456 ----- 0000
 2458 ----- 0000
 2460 ----- 0000
 2462 ----- 0000
 2464 ----- 0000
 2466 ----- 0000
 2468 ----- 0000
 2470 ----- 0000
 2472 ----- 0000
 2474 ----- 0000
 2476 ----- 0000
 2478 ----- 0000
 2480 ----- 0000
 2482 ----- 0000
 2484 ----- 0000
 2486 ----- 0000
 2488 ----- 0000
 2490 ----- 0000
 2492 ----- 0000
 2494 ----- 0000
 2496 ----- 0000
 2498 ----- 0000
 2500 ----- 0000
 2502 ----- 0000
 2504 ----- 0000
 2506 ----- 0000
 2508 ----- 0000
 2510 ----- 0000
 2512 ----- 0000
 2514 ----- 0000
 2516 ----- 0000
 2518 ----- 0000
 2520 ----- 0000
 2522 ----- 0000
 2524 ----- 0000
 2526 ----- 0000
 2528 ----- 0000
 2530 ----- 0000
 2532 ----- 0000
 2534 ----- 0000
 2536 ----- 0000
 2538 ----- 0000
 2540 ----- 0000
 2542 ----- 0000
 2544 ----- 0000
 2546 ----- 0000
 2548 ----- 0000
 2550 ----- 0000
 2552 ----- 0000
 2554 ----- 0000
 2556 ----- 0000
 2558 ----- 0000
 2560 ----- 0000
 2562 ----- 0000
 2564 ----- 0000
 2566 ----- 0000
 2568 ----- 0000
 2570 ----- 0000
 2572 ----- 0000
 2574 ----- 0000
 2576 ----- 0000
 2578 ----- 0000
 2580 ----- 0000
 2582 ----- 0000
 2584 ----- 0000
 2586 ----- 0000
 2588 ----- 0000
 2590 ----- 0000
 2592 ----- 0000
 2594 ----- 0000
 2596 ----- 0000
 2598 ----- 0000
 2600 ----- 0000
 2602 ----- 0000
 2604 ----- 0000
 2606 ----- 0000
 2608 ----- 0000
 2610 ----- 0000
 2612 ----- 0000
 2614 ----- 0000
 2616 ----- 0000
 2618 ----- 0000
 2620 ----- 0000
 2622 ----- 0000
 2624 ----- 0000
 2626 ----- 0000
 2628 ----- 0000
 2630 ----- 0000
 2632 ----- 0000
 2634 ----- 0000
 2636 ----- 0000
 2638 ----- 0000
 2640 ----- 0000
 2642 ----- 0000
 2644 ----- 0000
 2646 ----- 0000
 2648 ----- 0000
 2650 ----- 0000
 2652 ----- 0000
 2654 ----- 0000
 2656 ----- 0000
 2658 ----- 0000
 2660 ----- 0000
 2662 ----- 0000
 2664 ----- 0000
 2666 ----- 0000
 2668 ----- 0000
 2670 ----- 0000
 2672 ----- 0000
 2674 ----- 0000
 2676 ----- 0000
 2678 ----- 0000
 2680 ----- 0000
 2682 ----- 0000
 2684 ----- 0000
 2686 ----- 0000
 2688 ----- 0000
 2690 ----- 0000
 2692 ----- 0000
 2694 ----- 0000
 2696 ----- 0000
 2698 ----- 0000
 2700 ----- 0000
 2702 ----- 0000
 2704 ----- 0000
 2706 ----- 0000
 2708 ----- 0000
 2710 ----- 0000
 2712 ----- 0000
 2714 ----- 0000
 2716 ----- 0000
 2718 ----- 0000
 2720 ----- 0000
 2722 ----- 0000
 2724 ----- 0000
 2726 ----- 0000
 2728 ----- 0000
 2730 ----- 0000
 2732 ----- 0000
 2734 ----- 0000
 2736 ----- 0000
 2738 ----- 0000
 2740 ----- 0000
 2742 ----- 0000
 2744 ----- 0000
 2746 ----- 0000
 2748 ----- 0000
 2750 ----- 0000
 2752 ----- 0000
 2754 ----- 0000
 2756 ----- 0000
 2758 ----- 0000
 2760 ----- 0000
 2762 ----- 0000
 2764 ----- 0000
 2766 ----- 0000
 2768 ----- 0000
 2770 ----- 0000
 2772 ----- 0000
 2774 ----- 0000
 2776 ----- 0000
 2778 ----- 0000
 2780 ----- 0000
 2782 ----- 0000
 2784 ----- 0000
 2786 ----- 0000
 2788 ----- 0000
 2790 ----- 0000
 2792 ----- 0000
 2794 ----- 0000
 2796 ----- 0000
 2798 ----- 0000
 2800 ----- 0000
 2802 ----- 0000
 2804 ----- 0000
 2806 ----- 0000
 2808 ----- 0000
 2810 ----- 0000
 2812 ----- 0000
 2814 ----- 0000
 2816 ----- 0000
 2818 ----- 0000
 2820 ----- 0000
 2822 ----- 0000
 2824 ----- 0000
 2826 ----- 0000
 2828 ----- 0000
 2830 ----- 0000
 2832 ----- 0000
 2834 ----- 0000
 2836 ----- 0000
 2838 ----- 0000
 2840 ----- 0000
 2842 ----- 0000
 2844 ----- 0000
 2846 ----- 0000
 2848 ----- 0000
 2850 ----- 0000
 2852 ----- 0000
 2854 ----- 0000
 2856 ----- 0000
 2858 ----- 0000
 2860 ----- 0000
 2862 ----- 0000
 2864 ----- 0000
 2866 ----- 0000
 2868 ----- 0000
 2870 ----- 0000
 2872 ----- 0000
 2874 ----- 0000
 2876 ----- 0000
 2878 ----- 0000
 2880 ----- 0000
 2882 ----- 0000
 2884 ----- 0000
 2886 ----- 0000
 2888 ----- 0000
 2890 ----- 0000
 2892 ----- 0000
 2894 ----- 0000
 2896 ----- 0000
 2898 ----- 0000
 2900 ----- 0000
 2902 ----- 0000
 2904 ----- 0000
 2906 ----- 0000
 2908 ----- 0000
 2910 ----- 0000
 2912 ----- 0000
 2914 ----- 0000
 2916 ----- 0000
 2918 ----- 0000
 2920 ----- 0000
 2922 ----- 0000
 2924 ----- 0000
 2926 ----- 0000
 2928 ----- 0000
 2930 ----- 0000
 2932 ----- 0000
 2934 ----- 0000
 2936 ----- 0000
 2938 ----- 0000
 2940 ----- 0000
 2942 ----- 0000
 2944 ----- 0000
 2946 ----- 0000
 2948 ----- 0000
 2950 ----- 0000
 2952 ----- 0000
 2954 ----- 0000
 2956 ----- 0000
 2958 ----- 0000
 2960 ----- 0000
 2962 ----- 0000
 2964 ----- 0000
 2966 ----- 0000
 2968 ----- 0000
 2970 ----- 0000
 2972 ----- 0000
 2974 ----- 0000
 2976 ----- 0000
 2978 ----- 0000
 2980 ----- 0000
 2982 ----- 0000
 2984 ----- 0000
 2986 ----- 0000
 2988 ----- 0000
 2990 ----- 0000
 2992 ----- 0000
 2994 ----- 0000
 2996 ----- 0000
 2998 ----- 0000
 3000 ----- 0000
 3002 ----- 0000
 3004 ----- 0000
 3006 ----- 0000
 3008 ----- 0000
 3010 ----- 0000
 3012 ----- 0000
 3014 ----- 0000
 3016 ----- 0000
 3018 ----- 0000
 3020 ----- 0000
 3022 ----- 0000
 3024 ----- 0000
 3026 ----- 0000
 3028 ----- 0000
 3030 ----- 0000
 3032 ----- 0000
 3034 ----- 0000
 3036 ----- 0000
 3038 ----- 0000
 3040 ----- 0000
 3042 ----- 0000
 3044 ----- 0000
 3046 ----- 0000
 3048 ----- 0000
 3050 ----- 0000
 3052 ----- 0000
 3054 ----- 0000
 3056 ----- 0000
 3058 ----- 0000
 3060 ----- 0000
 3062 ----- 0000
 3064 ----- 0000
 3066 ----- 0000
 3068 ----- 0000
 3070 ----- 0000
 3072 ----- 0000
 3074 ----- 0000
 3076 ----- 0000
 3078 ----- 0000
 3080 ----- 0000
 3082 ----- 0000
 3084 ----- 0000
 3086 ----- 0000
 3088 ----- 0000
 3090 ----- 0000
 3092 ----- 0000
 3094 ----- 0000
 3096 ----- 0000
 3098 ----- 0000
 3100 ----- 0000
 3102 ----- 0000
 3104 ----- 0000
 3106 ----- 0000
 3108 ----- 0000
 3110 ----- 0000
 3112 ----- 0000
 3114 ----- 0000
 3116 ----- 0000
 3118 ----- 0000
 3120 ----- 0000
 3122 ----- 0000
 3124 ----- 0000
 3126 ----- 0000
 3128 ----- 0000
 3130 ----- 0000
 3132 ----- 0000
 3134 ----- 0000
 3136 ----- 0000
 3138 ----- 0000
 3140 ----- 0000
 3142 ----- 0000
 3144 ----- 0000
 3146 ----- 0000
 3148 ----- 0000
 3150 ----- 0000
 3152 ----- 0000
 3154 ----- 0000
 3156 ----- 0000
 3158 ----- 0000
 3160 ----- 0000
 3162 ----- 0000
 3164 ----- 0000
 3166 ----- 0000
 3168 ----- 0000
 3170 ----- 0000
 3172 ----- 0000
 3174 ----- 0000
 3176 ----- 0000
 3178 ----- 0000
 3180 ----- 0000
 3182 ----- 0000
 3184 ----- 0000
 3186 ----- 0000
 3188 ----- 0000
 3190 ----- 0000
 3192 ----- 0000
 3194 ----- 0000
 3196 ----- 0000
 3198 ----- 0000
 3200 ----- 0000
 3202 ----- 0000
 3204 ----- 0000
 3206 ----- 0000
 3208 ----- 0000
 3210 ----- 0000
 3212 ----- 0000
 3214 ----- 0000
 3216 ----- 0000
 3218 ----- 0000
 3220 ----- 0000
 3222 ----- 0000
 3224 ----- 0000
 3226 ----- 0000
 3228 ----- 0000
 3230 ----- 0000
 3232 ----- 0000
 3234 ----- 0000
 3236 ----- 0000
 3238 ----- 0000
 3240 ----- 0000
 3242 ----- 0000
 3244 ----- 0000
 3246 ----- 0000
 3248 ----- 0000
 3250 ----- 0000
 3252 ----- 0000
 3254 ----- 0000
 3256 ----- 0000
 3258 ----- 0000
 3260 ----- 0000
 3262 ----- 0000
 3264 ----- 0000
 3266 ----- 0000
 3268 ----- 0000
 3270 ----- 0000
 3272 ----- 0000
 3274 ----- 0000
 3276 ----- 0000
 3278 ----- 0000
 3280 ----- 0000
 3282 ----- 0000
 3284 ----- 0000
 3286 ----- 0000
 3288 ----- 0000
 3290 ----- 0000
 3292 ----- 0000
 3294 ----- 0000
 3296 ----- 0000
 3298 ----- 0000
 3300 ----- 0000
 3302 ----- 0000
 3304 ----- 0000
 3306 ----- 0000
 3308 ----- 0000
 3310 ----- 0000
 3312 ----- 0000
 3314 ----- 0000
 3316 ----- 0000
 3318 ----- 0000
 3320 ----- 0000
 3322 ----- 0000
 3324 ----- 0000
 3326 ----- 0000
 3328 ----- 0000
 3330 ----- 0000
 3332 ----- 0000
 3334 ----- 0000
 3336 ----- 0000
 3338 ----- 0000
 3340 ----- 0000
 3342 ----- 0000
 3344 ----- 0000
 3346 ----- 0000
 3348 ----- 0000
 3350 ----- 0000
 3352 ----- 0000
 3354 ----- 0000
 3356 ----- 0000
 3358 ----- 0000
 3360 ----- 0000
 3362 ----- 0000
 3364 ----- 0000
 3366 ----- 0000
 3368 ----- 0000
 3370 ----- 0000
 3372 ----- 0000
 3374 ----- 0000
 3376 ----- 0000
 3378 ----- 0000
 3380 ----- 0000
 3382 ----- 0000
 3384 ----- 0000
 3386 ----- 0000
 3388 ----- 0000
 3390 ----- 0000
 3392 ----- 0000
 3394 ----- 0000
 3396 ----- 0000
 3398 ----- 0000
 3400 ----- 0000
 3402 ----- 0000
 3404 ----- 0000
 3406 ----- 0000
 3408 ----- 0000
 3410 ----- 0000
 3412 ----- 0000
 3414 ----- 0000
 3416 ----- 0000
 3418 ----- 0000
 3420 ----- 0000
 3422 ----- 0000
 3424 ----- 0000
 3426 ----- 0000
 3428 ----- 0000
 3430 ----- 0000
 3432 ----- 0000
 3434 ----- 0000
 3436 ----- 0000
 3438 ----- 0000
 3440 ----- 0000
 3442 ----- 0000
 3444 ----- 0000
 3446 ----- 0000
 3448 ----- 0000
 3450 ----- 0000
 3452 ----- 0000
 3454 ----- 0000
 3456 ----- 0000
 3458 ----- 0000
 3460 ----- 0000
 3462 ----- 0000
 3464 ----- 0000
 3466 ----- 0000
 3468 ----- 0000
 3470 ----- 0000
 3472 ----- 0000
 3474 ----- 0000
 3476 ----- 0000
 3478 ----- 0000
 3480 ----- 0000
 3482 ----- 0000
 3484 ----- 0000
 3486 ----- 0000
 3488 ----- 0000
 3490 ----- 0000
 3492 ----- 0000
 3494 ----- 0000
 3496 ----- 0000
 3498 ----- 0000
 3500 ----- 0000
 3502 ----- 0000
 3504 ----- 0000
 3506 ----- 0000
 3508 ----- 0000
 3510 ----- 0000
 3512 ----- 0000
 3514 ----- 0000
 3516 ----- 0000
 3518 ----- 0000
 3520 ----- 0000
 3522 ----- 0000
 3524 ----- 0000
 3526 ----- 0000
 3528 ----- 0000
 3530 ----- 0000
 3532 ----- 0000
 3534 ----- 0000
 3536 ----- 0000
 3538 ----- 0000
 3540 ----- 0000
 3542 ----- 0000
 3544 ----- 0000
 3546 ----- 0000
 3548 ----- 0000
 3550 ----- 0000
 3552 ----- 0000
 3554 ----- 0000
 3556 ----- 0000
 3558 ----- 0000
 3560 ----- 0000
 3562 ----- 0000
 3564 ----- 0000
 3566 ----- 0000
 3568 ----- 0000
 3570 ----- 0000
 3572 ----- 0000
 3574 ----- 0000
 3576 ----- 0000
 3578 ----- 0000
 3580 ----- 0000
 3582 ----- 0000
 3584 ----- 0000
 3586 ----- 0000
 3588 ----- 0000
 3590 ----- 0000
 3592 ----- 0000
 3594 ----- 0000
 3596 ----- 0000
 3598 ----- 0000
 3600 ----- 0000
 3602 ----- 0000
 3604 ----- 0000
 3606 ----- 0000
 3608 ----- 0000
 3610 ----- 0000
 3612 ----- 0000
 3614 ----- 0000
 3616 ----- 0000
 3618 ----- 0000
 3620 ----- 0000
 3622 ----- 0000
 3624 ----- 0000
 3626 ----- 0000
 3628 ----- 0000
 3630 ----- 0000
 3632 ----- 0000
 3634 ----- 0000
 3636 ----- 0000
 3638 ----- 0000
 3640 ----- 0000
 3642 ----- 0000
 3644 ----- 0000
 3646 ----- 0000
 3648 ----- 0000
 3650 ----- 0000
 3652 ----- 0000
 3654 ----- 0000
 3656 ----- 0000
 3658 ----- 0000
 3660 ----- 0000
 3662 ----- 0000
 3664 ----- 0000
 3666 ----- 0000
 3668 ----- 0000
 3670 ----- 0000
 3672 ----- 0000
 3674 ----- 0000
 3676 ----- 0000
 3678 ----- 0000
 3680 ----- 0000
 3682 ----- 0000
 3684 ----- 0000
 3686 ----- 0000
 3688 ----- 0000
 3690 ----- 0000
 3692 ----- 0000
 3694 ----- 0000
 3696 ----- 0000
 3698 ----- 0000
 3700 ----- 0000
 3702 ----- 0000
 3704 ----- 0000
 3706 ----- 0000
 3708 ----- 0000
 3710 ----- 0000
 3712 ----- 0000
 3714 ----- 0000
 3716 ----- 0000
 3718 ----- 0000
 3720 ----- 0000
 3722 ----- 0000
 3724 ----- 0000
 3726 ----- 0000
 3728 ----- 0000
 3730 ----- 0000
 3732 ----- 0000
 3734 ----- 0000
 3736 ----- 0000
 3738 ----- 0000
 3740 ----- 0000
 3742 ----- 0000
 3744 ----- 0000
 3746 ----- 0000
 3748 ----- 0000
 3750 ----- 0000
 3752 ----- 0000
 3754 ----- 0000
 3756 ----- 0000
 3758 ----- 0000
 3760 ----- 0000
 3762 ----- 0000
 3764 ----- 0000
 3766 ----- 0000
 3768 ----- 0000
 3770 ----- 0000
 3772 ----- 0000
 3774 ----- 0000
 3776 ----- 0000
 3778 ----- 0000
 3780 ----- 0000
 3782 ----- 0000
 3784 ----- 0000
 3786 ----- 0000
 3788 ----- 0000
 3790 ----- 0000
 3792 ----- 0000
 3794 ----- 0000
 3796 ----- 0000
 3798 ----- 0000
 3800 ----- 0000
 3802 ----- 0000
 3804 ----- 0000
 3806 ----- 0000
 3808 ----- 0000
 3810 ----- 0000
 3812 ----- 0000
 3814 ----- 0000
 3816 ----- 0000
 3818 ----- 0000
 3820 ----- 0000
 3822 ----- 0000
 3824 ----- 0000
 3826 ----- 0000
 3828 ----- 0000
 3830 ----- 0000
 3832 ----- 0000
 3834 ----- 0000
 3836 ----- 0000
 3838 ----- 0000
 3840 ----- 0000
 3842 ----- 0000
 3844 ----- 0000
 3846 ----- 0000
 3848 ----- 0000
 3850 ----- 0000
 3852 ----- 0000
 3854 ----- 0000
 3856 ----- 0000
 3858 ----- 0000
 3860 ----- 0000
 3862 ----- 0000
 3864 ----- 0000
 3866 ----- 0000
 3868 ----- 0000
 3870 ----- 0000
 3872 ----- 0000
 3874 ----- 0000
 3876 ----- 0000
 3878 ----- 0000
 3880 ----- 0000
 3882 ----- 0000
 3884 ----- 0000
 3886 ----- 0000
 3888 ----- 0000
 3890 ----- 0000
 3892 ----- 0000
 3894 ----- 0000
 3896 ----- 0000
 3898 ----- 0000
 3900 ----- 0000
 3902 ----- 0000
 3904 ----- 0000
 3906 ----- 0000
 3908 ----- 0000
 3910 ----- 0000
 3912 ----- 0000
 3914 ----- 0000
 3916 ----- 0000
 3918 ----- 0000
 3920 ----- 0000
 3922 ----- 0000
 3924 ----- 0000
 3926 ----- 0000
 3928 ----- 0000
 3930 ----- 0000
 3932 ----- 0000
 3934 ----- 0000
 3936 ----- 0000
 3938 ----- 0000
 3940 ----- 0000
 3942 ----- 0000
 3944 ----- 0000
 3946 ----- 0000
 3948 ----- 0000
 3950 ----- 0000
 3952 ----- 0000
 3954 ----- 0000
 3956 ----- 0000
 3958 ----- 0000
 3960 ----- 0000
 3962 ----- 0000
 3964 ----- 0000
 3966 ----- 0000
 3968 ----- 0000
 3970 ----- 0000
 3972 ----- 0000
 3974 ----- 0000
 3976 ----- 0000
 3978 ----- 0000
 3980 ----- 0000
 3982 ----- 0000
 3984 ----- 0000
 3986 ----- 0000
 3988 ----- 0000
 3990 ----- 0000
 3992 ----- 0000
 3994 ----- 0000
 3996 ----- 0000
 3998 ----- 0000
 4000 ----- 0000
 4002 ----- 0000
 4004 ----- 0000
 4006 ----- 0000
 4008 ----- 0000
 4010 ----- 0000
 4012 ----- 0000
 4014 ----- 0000
 4016 ----- 0000
 4018 ----- 0000
 4020 ----- 0000
 4022 ----- 0000
 4024 ----- 0000
 4026 ----- 0000
 4028 ----- 0000
 4030 ----- 0000
 4032 ----- 0000
 4034 ----- 0000
 4036 ----- 0000
 4038 ----- 0000
 4040 ----- 0000
 4042 ----- 0000
 4044 ----- 0000
 4046 ----- 0000
 4048 ----- 0000
 4050 ----- 0000
 4052 ----- 0000
 4054 ----- 0000
 4056 ----- 0000
 4058 ----- 0000
 4060 ----- 0000
 4062 ----- 0000
 4064 ----- 0000
 4066 ----- 0000
 4068 ----- 0000
 4070 ----- 0000
 4072 ----- 0000
 4074 ----- 0000
 4076 ----- 0000
 4078 ----- 0000
 4080 ----- 0000
 4082 ----- 0000
 4084 ----- 0000
 4086 ----- 0000
 4088 ----- 0000
 4090 ----- 0000
 4092 ----- 0000
 4094 ----- 0000
